HI-TECH Software C Compiler 

Linker command line:

--edf=C:\Program Files\HI-TECH Software\PICC\9.83\dat\en_msgs.txt -cs \
  -h+dist/default/production\bakeradctest.X.production.sym -z -Q16F1829 \
  -ol.obj -Mdist/default/production/bakeradctest.X.production.map -E1 \
  -ACONST=00h-0FFhx32 -ACODE=00h-07FFhx4 -ASTRCODE=00h-01FFFh \
  -AENTRY=00h-0FFhx32 -ASTRING=00h-0FFhx32 -ABANK0=020h-06Fh \
  -ABANK1=0A0h-0EFh -ABANK2=0120h-016Fh -ABANK3=01A0h-01EFh \
  -ABANK4=0220h-026Fh -ABANK5=02A0h-02EFh -ABANK6=0320h-036Fh \
  -ABANK7=03A0h-03EFh -ABANK8=0420h-046Fh -ABANK9=04A0h-04EFh \
  -ABANK10=0520h-056Fh -ABANK11=05A0h-05EFh -ABANK12=0620h-064Fh \
  -ABIGRAM=02000h-023EFh \
  -ARAM=020h-06Fh,0A0h-0EFh,0120h-016Fh,01A0h-01EFh,0220h-026Fh,02A0h-02EFh,0320h-036Fh,03A0h-03EFh,0420h-046Fh,04A0h-04EFh,0520h-056Fh,05A0h-05EFh,0620h-064Fh \
  -AABS1=020h-07Fh,0A0h-0EFh,0120h-016Fh,01A0h-01EFh,0220h-026Fh,02A0h-02EFh,0320h-036Fh,03A0h-03EFh,0420h-046Fh,04A0h-04EFh,0520h-056Fh,05A0h-05EFh,0620h-064Fh \
  -ACOMMON=070h-07Fh -ASFR0=00h-01Fh -ASFR1=080h-09Fh -ASFR2=0100h-011Fh \
  -ASFR3=0180h-019Fh -ASFR4=0200h-021Fh -ASFR5=0280h-029Fh \
  -ASFR6=0300h-031Fh -ASFR7=0380h-039Fh -ASFR8=0400h-041Fh \
  -ASFR9=0480h-049Fh -ASFR10=0500h-051Fh -ASFR11=0580h-059Fh \
  -ASFR12=0600h-061Fh -ASFR13=0680h-06EFh -ASFR14=0700h-076Fh \
  -ASFR15=0780h-07EFh -ASFR16=0800h-086Fh -ASFR17=0880h-08EFh \
  -ASFR18=0900h-096Fh -ASFR19=0980h-09EFh -ASFR20=0A00h-0A6Fh \
  -ASFR21=0A80h-0AEFh -ASFR22=0B00h-0B6Fh -ASFR23=0B80h-0BEFh \
  -ASFR24=0C00h-0C6Fh -ASFR25=0C80h-0CEFh -ASFR26=0D00h-0D6Fh \
  -ASFR27=0D80h-0DEFh -ASFR28=0E00h-0E6Fh -ASFR29=0E80h-0EEFh \
  -ASFR30=0F00h-0F6Fh -ASFR31=0F80h-0FEFh \
  -preset_vec=00h,intentry=04h,init,end_init -ppowerup=CODE -pfunctab=CODE \
  -ACONFIG=08007h-08008h -pconfig=CONFIG -DCONFIG=2 -AIDLOC=08000h-08003h \
  -pidloc=IDLOC -DIDLOC=2 -AEEDATA=00h-0FFh/0F000h -peeprom_data=EEDATA \
  -DEEDATA=2 -DCODE=2 -DSTRCODE=2 -DSTRING=2 -DCONST=2 -DENTRY=2 -k \
  C:\Users\Admin\AppData\Local\Temp\s5bs.obj \
  dist/default/production\bakeradctest.X.production.obj 

Object code version is 3.10

Machine type is 16F1829



                Name                               Link     Load   Length Selector   Space Scale
C:\Users\Admin\AppData\Local\Temp\s5bs.obj
                end_init                             78       78        3        8       0
                reset_vec                             0        0        2        0       0
dist/default/production\bakeradctest.X.production.obj
                intentry                              4        4       74        8       0
                config                             8007     8007        2    1000E       0
                text357                             2B9      2B9       75        8       0
                text356                             49C      49C       13        8       0
                text355                             4C7      4C7        B        8       0
                text354                             466      466       1F        8       0
                text353                             4BC      4BC        B        8       0
                text352                             430      430       36        8       0
                text351                             391      391       53        8       0
                text350                             32E      32E       63        8       0
                text349                             20F      20F       AA        8       0
                text348                             4AF      4AF        D        8       0
                text347                             3E4      3E4       4C        8       0
                maintext                             7B       7B      194        8       0
                cstackBANK0                          20       20       27       20       1
                cstackCOMMON                         70       70        A       70       1
                inittext                            4E2      4E2        6        8       0
                clrtext                             4DC      4DC        6        8       0
                dataBANK0                            58       58        A       20       1
                bssBANK0                             47       47       11       20       1
                cinit                               485      485       17        8       0
                idataBANK0                          4D2      4D2        A        8       0

TOTAL           Name                               Link     Load   Length     Space
        CLASS   CONST          

        CLASS   CODE           
                end_init                             78       78        3         0
                intentry                              4        4       74         0
                reset_vec                             0        0        2         0
                text357                             2B9      2B9       75         0
                text356                             49C      49C       13         0
                text355                             4C7      4C7        B         0
                text354                             466      466       1F         0
                text353                             4BC      4BC        B         0
                text352                             430      430       36         0
                text351                             391      391       53         0
                text350                             32E      32E       63         0
                text349                             20F      20F       AA         0
                text348                             4AF      4AF        D         0
                text347                             3E4      3E4       4C         0
                maintext                             7B       7B      194         0
                inittext                            4E2      4E2        6         0
                clrtext                             4DC      4DC        6         0
                cinit                               485      485       17         0
                idataBANK0                          4D2      4D2        A         0

        CLASS   STRCODE        

        CLASS   ENTRY          

        CLASS   STRING         

        CLASS   BANK0          
                cstackBANK0                          20       20       27         1
                dataBANK0                            58       58        A         1
                bssBANK0                             47       47       11         1

        CLASS   BANK1          

        CLASS   BANK2          

        CLASS   BANK3          

        CLASS   BANK4          

        CLASS   BANK5          

        CLASS   BANK6          

        CLASS   BANK7          

        CLASS   BANK8          

        CLASS   BANK9          

        CLASS   BANK10         

        CLASS   BANK11         

        CLASS   BANK12         

        CLASS   BIGRAM         

        CLASS   RAM            

        CLASS   ABS1           
                abs_s1                               7E       7E        2         1

        CLASS   COMMON         
                cstackCOMMON                         70       70        A         1

        CLASS   SFR0           

        CLASS   SFR1           

        CLASS   SFR2           

        CLASS   SFR3           

        CLASS   SFR4           

        CLASS   SFR5           

        CLASS   SFR6           

        CLASS   SFR7           

        CLASS   SFR8           

        CLASS   SFR9           

        CLASS   SFR10          

        CLASS   SFR11          

        CLASS   SFR12          

        CLASS   SFR13          

        CLASS   SFR14          

        CLASS   SFR15          

        CLASS   SFR16          

        CLASS   SFR17          

        CLASS   SFR18          

        CLASS   SFR19          

        CLASS   SFR20          

        CLASS   SFR21          

        CLASS   SFR22          

        CLASS   SFR23          

        CLASS   SFR24          

        CLASS   SFR25          

        CLASS   SFR26          

        CLASS   SFR27          

        CLASS   SFR28          

        CLASS   SFR29          

        CLASS   SFR30          

        CLASS   SFR31          

        CLASS   CONFIG         
                config                             8007     8007        2         0

        CLASS   IDLOC          

        CLASS   EEDATA         

        CLASS   BANK31         

        CLASS   BANK30         

        CLASS   BANK29         

        CLASS   BANK28         

        CLASS   BANK27         

        CLASS   BANK26         

        CLASS   BANK25         

        CLASS   BANK24         

        CLASS   BANK23         

        CLASS   BANK22         

        CLASS   BANK21         

        CLASS   BANK20         

        CLASS   BANK19         

        CLASS   BANK18         

        CLASS   BANK17         

        CLASS   BANK16         

        CLASS   BANK15         

        CLASS   BANK14         

        CLASS   BANK13         



SEGMENTS        Name                           Load    Length   Top    Selector   Space  Class     Delta

                reset_vec                      000000  000002  000002         0       0  CODE        2
                intentry                       000004  0004E4  0004E8         8       0  CODE        2
                cstackBANK0                    000020  000042  000062        20       1  BANK0       1
                cstackCOMMON                   000070  00000A  00007A        70       1  COMMON      1
                config                         008007  000002  008009     1000E       0  CONFIG      2


UNUSED ADDRESS RANGES

        Name                Unused          Largest block    Delta
        BANK0            00062-0006F               E           1
        BANK1            000A0-000EF              50           1
        BANK10           00520-0056F              50           1
        BANK11           005A0-005EF              50           1
        BANK12           00620-0064F              30           1
        BANK2            00120-0016F              50           1
        BANK3            001A0-001EF              50           1
        BANK4            00220-0026F              50           1
        BANK5            002A0-002EF              50           1
        BANK6            00320-0036F              50           1
        BANK7            003A0-003EF              50           1
        BANK8            00420-0046F              50           1
        BANK9            004A0-004EF              50           1
        BIGRAM           02000-023EF             3F0           1
        CODE             00002-00003               2           2
                         004E8-01FFF             800
        COMMON           0007A-0007D               4           1
        CONST            00002-00003               2           2
                         004E8-01FFF             100
        EEDATA           0F000-0F0FF             100           2
        ENTRY            00002-00003               2           2
                         004E8-01FFF             100
        IDLOC            08000-08003               4           2
        RAM              00062-0006F               E           1
                         000A0-000EF              50
                         00120-0016F              50
                         001A0-001EF              50
                         00220-0026F              50
                         002A0-002EF              50
                         00320-0036F              50
                         003A0-003EF              50
                         00420-0046F              50
                         004A0-004EF              50
                         00520-0056F              50
                         005A0-005EF              50
                         00620-0064F              30
        SFR0             00000-0001F              20           1
        SFR1             00080-0009F              20           1
        SFR10            00500-0051F              20           1
        SFR11            00580-0059F              20           1
        SFR12            00600-0061F              20           1
        SFR13            00680-006EF              70           1
        SFR14            00700-0076F              70           1
        SFR15            00780-007EF              70           1
        SFR16            00800-0086F              70           1
        SFR17            00880-008EF              70           1
        SFR18            00900-0096F              70           1
        SFR19            00980-009EF              70           1
        SFR2             00100-0011F              20           1
        SFR20            00A00-00A6F              70           1
        SFR21            00A80-00AEF              70           1
        SFR22            00B00-00B6F              70           1
        SFR23            00B80-00BEF              70           1
        SFR24            00C00-00C6F              70           1
        SFR25            00C80-00CEF              70           1
        SFR26            00D00-00D6F              70           1
        SFR27            00D80-00DEF              70           1
        SFR28            00E00-00E6F              70           1
        SFR29            00E80-00EEF              70           1
        SFR3             00180-0019F              20           1
        SFR30            00F00-00F6F              70           1
        SFR31            00F80-00FEF              70           1
        SFR4             00200-0021F              20           1
        SFR5             00280-0029F              20           1
        SFR6             00300-0031F              20           1
        SFR7             00380-0039F              20           1
        SFR8             00400-0041F              20           1
        SFR9             00480-0049F              20           1
        STRCODE          00002-00003               2           2
                         004E8-01FFF            1B18
        STRING           00002-00003               2           2
                         004E8-01FFF             100

                                  Symbol Table

??_Delay                 cstackBANK0  00020
??_I2Cinit               cstackCOMMON 00074
??_SPIinit               cstackCOMMON 00074
??_USARTWriteChar        cstackCOMMON 00074
??_USARTWriteInt         cstackBANK0  0002C
??_USARTinit             cstackCOMMON 00074
??___lldiv               cstackCOMMON 00074
??___llmod               cstackCOMMON 00074
??_adcinit               cstackCOMMON 0007A
??_i2cddata              cstackCOMMON 00070
??_main                  cstackBANK0  00039
??_sendSPIdata           cstackCOMMON 00074
??_spi                   cstackCOMMON 00079
?_Delay                  cstackCOMMON 00074
?_I2Cinit                cstackCOMMON 00070
?_SPIinit                cstackCOMMON 00070
?_USARTWriteChar         cstackCOMMON 00070
?_USARTWriteInt          cstackBANK0  00028
?_USARTinit              cstackCOMMON 00070
?___lldiv                cstackBANK0  00020
?___llmod                cstackBANK0  00020
?_adcinit                cstackCOMMON 00070
?_i2cddata               cstackCOMMON 00070
?_main                   cstackCOMMON 00070
?_sendSPIdata            cstackCOMMON 00070
?_spi                    cstackCOMMON 00070
Delay@i                  cstackBANK0  00024
Delay@j                  cstackBANK0  00025
Delay@ms                 cstackCOMMON 00074
USARTWriteChar@ch        cstackCOMMON 00074
USARTWriteInt@F2682      dataBANK0    00058
USARTWriteInt@i          cstackBANK0  00037
USARTWriteInt@str        cstackBANK0  0002D
USARTWriteInt@val        cstackBANK0  00028
_ANSELB                  (abs)        0018D
_ANSELC                  (abs)        0018E
_APFCON0                 (abs)        0011D
_BRG16                   (abs)        00CFB
_CARRY                   (abs)        00018
_Delay                   text357      002B9
_EEADR                   (abs)        00191
_EECON1                  (abs)        00195
_EECON2                  (abs)        00196
_EEDATA                  (abs)        00193
_GIE                     (abs)        0005F
_I2Cinit                 text354      00466
_LATAbits                (abs)        0010C
_LATBbits                (abs)        0010D
_LATCbits                (abs)        0010E
_OSCCON                  (abs)        00099
_OSCTUNE                 (abs)        00098
_PEIE                    (abs)        0005E
_PORTCbits               (abs)        0000E
_RCSTAbits               (abs)        0019D
_RD                      (abs)        00CA8
_SPBRG                   (abs)        0019B
_SPBRGH                  (abs)        0019C
_SPIinit                 text353      004BC
_SSP1ADD                 (abs)        00212
_SSP1CON1                (abs)        00215
_SSP1CON1bits            (abs)        00215
_SSP1CON2                (abs)        00216
_SSP1CON2bits            (abs)        00216
_SSP1CON3                (abs)        00217
_SSP1IE                  (abs)        0048B
_SSP1IF                  (abs)        0008B
_SSP1MSK                 (abs)        00213
_SSP1STAT                (abs)        00214
_SSPBUF                  (abs)        00211
_SSPSTAT                 (abs)        00214
_SYNC                    (abs)        00CF4
_TRISA                   (abs)        0008C
_TRISAbits               (abs)        0008C
_TRISB                   (abs)        0008D
_TRISBbits               (abs)        0008D
_TRISC                   (abs)        0008E
_TRISCbits               (abs)        0008E
_TXREG                   (abs)        0019A
_TXSTAbits               (abs)        0019E
_USARTWriteChar          text355      004C7
_USARTWriteInt           text349      0020F
_USARTinit               text356      0049C
_WR                      (abs)        00CA9
_WREN                    (abs)        00CAA
__Habs1                  abs1         00000
__Hbank0                 bank0        00000
__Hbank1                 bank1        00000
__Hbank10                bank10       00000
__Hbank11                bank11       00000
__Hbank12                bank12       00000
__Hbank13                bank13       00000
__Hbank14                bank14       00000
__Hbank15                bank15       00000
__Hbank16                bank16       00000
__Hbank17                bank17       00000
__Hbank18                bank18       00000
__Hbank19                bank19       00000
__Hbank2                 bank2        00000
__Hbank20                bank20       00000
__Hbank21                bank21       00000
__Hbank22                bank22       00000
__Hbank23                bank23       00000
__Hbank24                bank24       00000
__Hbank25                bank25       00000
__Hbank26                bank26       00000
__Hbank27                bank27       00000
__Hbank28                bank28       00000
__Hbank29                bank29       00000
__Hbank3                 bank3        00000
__Hbank30                bank30       00000
__Hbank31                bank31       00000
__Hbank4                 bank4        00000
__Hbank5                 bank5        00000
__Hbank6                 bank6        00000
__Hbank7                 bank7        00000
__Hbank8                 bank8        00000
__Hbank9                 bank9        00000
__Hbigram                bigram       00000
__HbssBANK0              bssBANK0     00000
__Hcinit                 cinit        00000
__Hclrtext               clrtext      00000
__Hcode                  code         00000
__Hcommon                common       00000
__Hconfig                config       08009
__HcstackBANK0           cstackBANK0  00000
__HcstackCOMMON          cstackCOMMON 00000
__HdataBANK0             dataBANK0    00000
__Heeprom_data           eeprom_data  00000
__Hend_init              end_init     0007B
__Hfunctab               functab      00000
__HidataBANK0            idataBANK0   00000
__Hidloc                 idloc        00000
__Hinit                  init         00078
__Hinittext              inittext     00000
__Hintentry              intentry     00078
__Hmaintext              maintext     00000
__Hpowerup               powerup      00000
__Hram                   ram          00000
__Hreset_vec             reset_vec    00002
__Hsfr0                  sfr0         00000
__Hsfr1                  sfr1         00000
__Hsfr10                 sfr10        00000
__Hsfr11                 sfr11        00000
__Hsfr12                 sfr12        00000
__Hsfr13                 sfr13        00000
__Hsfr14                 sfr14        00000
__Hsfr15                 sfr15        00000
__Hsfr16                 sfr16        00000
__Hsfr17                 sfr17        00000
__Hsfr18                 sfr18        00000
__Hsfr19                 sfr19        00000
__Hsfr2                  sfr2         00000
__Hsfr20                 sfr20        00000
__Hsfr21                 sfr21        00000
__Hsfr22                 sfr22        00000
__Hsfr23                 sfr23        00000
__Hsfr24                 sfr24        00000
__Hsfr25                 sfr25        00000
__Hsfr26                 sfr26        00000
__Hsfr27                 sfr27        00000
__Hsfr28                 sfr28        00000
__Hsfr29                 sfr29        00000
__Hsfr3                  sfr3         00000
__Hsfr30                 sfr30        00000
__Hsfr31                 sfr31        00000
__Hsfr4                  sfr4         00000
__Hsfr5                  sfr5         00000
__Hsfr6                  sfr6         00000
__Hsfr7                  sfr7         00000
__Hsfr8                  sfr8         00000
__Hsfr9                  sfr9         00000
__Hstrings               strings      00000
__Htext                  text         00000
__Labs1                  abs1         00000
__Lbank0                 bank0        00000
__Lbank1                 bank1        00000
__Lbank10                bank10       00000
__Lbank11                bank11       00000
__Lbank12                bank12       00000
__Lbank13                bank13       00000
__Lbank14                bank14       00000
__Lbank15                bank15       00000
__Lbank16                bank16       00000
__Lbank17                bank17       00000
__Lbank18                bank18       00000
__Lbank19                bank19       00000
__Lbank2                 bank2        00000
__Lbank20                bank20       00000
__Lbank21                bank21       00000
__Lbank22                bank22       00000
__Lbank23                bank23       00000
__Lbank24                bank24       00000
__Lbank25                bank25       00000
__Lbank26                bank26       00000
__Lbank27                bank27       00000
__Lbank28                bank28       00000
__Lbank29                bank29       00000
__Lbank3                 bank3        00000
__Lbank30                bank30       00000
__Lbank31                bank31       00000
__Lbank4                 bank4        00000
__Lbank5                 bank5        00000
__Lbank6                 bank6        00000
__Lbank7                 bank7        00000
__Lbank8                 bank8        00000
__Lbank9                 bank9        00000
__Lbigram                bigram       00000
__LbssBANK0              bssBANK0     00000
__Lcinit                 cinit        00000
__Lclrtext               clrtext      00000
__Lcode                  code         00000
__Lcommon                common       00000
__Lconfig                config       08007
__LcstackBANK0           cstackBANK0  00000
__LcstackCOMMON          cstackCOMMON 00000
__LdataBANK0             dataBANK0    00000
__Leeprom_data           eeprom_data  00000
__Lend_init              end_init     00078
__Lfunctab               functab      00000
__LidataBANK0            idataBANK0   00000
__Lidloc                 idloc        00000
__Linit                  init         00078
__Linittext              inittext     00000
__Lintentry              intentry     00004
__Lmaintext              maintext     00000
__Lpowerup               powerup      00000
__Lram                   ram          00000
__Lreset_vec             reset_vec    00000
__Lsfr0                  sfr0         00000
__Lsfr1                  sfr1         00000
__Lsfr10                 sfr10        00000
__Lsfr11                 sfr11        00000
__Lsfr12                 sfr12        00000
__Lsfr13                 sfr13        00000
__Lsfr14                 sfr14        00000
__Lsfr15                 sfr15        00000
__Lsfr16                 sfr16        00000
__Lsfr17                 sfr17        00000
__Lsfr18                 sfr18        00000
__Lsfr19                 sfr19        00000
__Lsfr2                  sfr2         00000
__Lsfr20                 sfr20        00000
__Lsfr21                 sfr21        00000
__Lsfr22                 sfr22        00000
__Lsfr23                 sfr23        00000
__Lsfr24                 sfr24        00000
__Lsfr25                 sfr25        00000
__Lsfr26                 sfr26        00000
__Lsfr27                 sfr27        00000
__Lsfr28                 sfr28        00000
__Lsfr29                 sfr29        00000
__Lsfr3                  sfr3         00000
__Lsfr30                 sfr30        00000
__Lsfr31                 sfr31        00000
__Lsfr4                  sfr4         00000
__Lsfr5                  sfr5         00000
__Lsfr6                  sfr6         00000
__Lsfr7                  sfr7         00000
__Lsfr8                  sfr8         00000
__Lsfr9                  sfr9         00000
__Lstrings               strings      00000
__Ltext                  text         00000
__S0                     (abs)        08009
__S1                     (abs)        0007A
__S2                     (abs)        00000
___lldiv                 text350      0032E
___lldiv@counter         cstackCOMMON 00079
___lldiv@dividend        cstackBANK0  00024
___lldiv@divisor         cstackBANK0  00020
___lldiv@quotient        cstackCOMMON 00075
___llmod                 text351      00391
___llmod@counter         cstackCOMMON 00075
___llmod@dividend        cstackBANK0  00024
___llmod@divisor         cstackBANK0  00020
__end_of_Delay           text357      0032E
__end_of_I2Cinit         text354      00485
__end_of_SPIinit         text353      004C7
__end_of_USARTWriteChar  text355      004D2
__end_of_USARTWriteInt   text349      002B9
__end_of_USARTinit       text356      004AF
__end_of___lldiv         text350      00391
__end_of___llmod         text351      003E4
__end_of_adcinit         text347      00430
__end_of_i2cddata        intentry     00078
__end_of_main            maintext     0020F
__end_of_sendSPIdata     text352      00466
__end_of_spi             text348      004BC
__pbssBANK0              bssBANK0     00047
__pcstackBANK0           cstackBANK0  00020
__pcstackCOMMON          cstackCOMMON 00070
__pdataBANK0             dataBANK0    00058
__pidataBANK0            idataBANK0   004D2
__pintentry              intentry     00004
__pmaintext              maintext     0007B
__ptext347               text347      003E4
__ptext348               text348      004AF
__ptext349               text349      0020F
__ptext350               text350      0032E
__ptext351               text351      00391
__ptext352               text352      00430
__ptext353               text353      004BC
__ptext354               text354      00466
__ptext355               text355      004C7
__ptext356               text356      0049C
__ptext357               text357      002B9
__size_of_Delay          (abs)        00000
__size_of_I2Cinit        (abs)        00000
__size_of_SPIinit        (abs)        00000
__size_of_USARTWriteChar (abs)        00000
__size_of_USARTWriteInt  (abs)        00000
__size_of_USARTinit      (abs)        00000
__size_of___lldiv        (abs)        00000
__size_of___llmod        (abs)        00000
__size_of_adcinit        (abs)        00000
__size_of_i2cddata       (abs)        00000
__size_of_main           (abs)        00000
__size_of_sendSPIdata    (abs)        00000
__size_of_spi            (abs)        00000
_adcinit                 text347      003E4
_exit                    init         00078
_i2c_rx_buff             bssBANK0     00050
_i2c_tx_buff             bssBANK0     00047
_i2cddata                intentry     00004
_main                    maintext     0007B
_sendSPIdata             text352      00430
_spi                     text348      004AF
btemp                    (abs)        0007E
clear_ram                clrtext      004DC
end_of_initialization    cinit        00499
i2cddata@buff_idx        cstackCOMMON 00073
i2cddata@sspstat         cstackCOMMON 00072
init_ram                 inittext     004E2
intlevel0                functab      00000
intlevel1                functab      00000
intlevel2                functab      00000
intlevel3                functab      00000
intlevel4                functab      00000
intlevel5                functab      00000
main@accum               cstackBANK0  00043
main@data                cstackBANK0  0003F
main@n                   cstackBANK0  0003E
reset_vec                reset_vec    00000
sendSPIdata@i            cstackCOMMON 00078
sendSPIdata@mask         cstackCOMMON 00076
sendSPIdata@spidata_in   cstackCOMMON 00077
sendSPIdata@spidata_out  cstackCOMMON 00075
spi@data_in              cstackBANK0  00021
spi@data_out             cstackBANK0  00020
start                    init         00078
start_initialization     cinit        00485
wtemp0                   (abs)        0007E
